Resource Report
Microsemi Corporation - Microsemi Libero Software Release v12.1 (Version 12.600.0.14)
Date: Sun Sep 15 12:39:35 2019

Device Selection
+--------------------------------+----------------+
| Family                         | IGLOO2         |
| Device                         | M2GL025        |
| Package                        | 256 VF         |
| Speed Grade                    | STD            |
| Temp                           | 0:25:85        |
| Voltage                        | 1.26:1.20:1.14 |
| Core Voltage                   | 1.2V           |
| Ramp Rate                      | 100ms Minimum  |
| System Controller Suspend Mode | No             |
| PLL Supply Voltage             | 2.5V           |
| Default I/O technology         | LVCMOS 2.5V    |
| Restrict Probe Pins            | Yes            |
| Restrict SPI Pins              | No             |
+--------------------------------+----------------+

Source Files
+---------+-----------------------------------------------------------------------+
| Topcell | rs232_sender                                                          |
| Format  | Verilog                                                               |
| Source  | W:\projects\security-contest\libero\contest\synthesis\rs232_sender.vm |
+---------+-----------------------------------------------------------------------+

Options
+----------------------------------------------------+-------+
| Enable Single Event Transient mitigation           | false |
| Enable Design Separation Methodology               | false |
| Limit the number of high fanout nets to display to | 10    |
+----------------------------------------------------+-------+

Resource Usage
+---------------------------+------+-------+------------+
| Type                      | Used | Total | Percentage |
+---------------------------+------+-------+------------+
| 4LUT                      | 48   | 27696 | 0.17       |
| DFF                       | 22   | 27696 | 0.08       |
| I/O Register              | 0    | 414   | 0.00       |
| User I/O                  | 13   | 138   | 9.42       |
| -- Single-ended I/O       | 13   | 138   | 9.42       |
| -- Differential I/O Pairs | 0    | 65    | 0.00       |
| RAM64x18                  | 0    | 34    | 0.00       |
| RAM1K18                   | 0    | 31    | 0.00       |
| MACC                      | 0    | 34    | 0.00       |
| Chip Globals              | 1    | 16    | 6.25       |
| CCC                       | 0    | 6     | 0.00       |
| RCOSC_25_50MHZ            | 0    | 1     | 0.00       |
| RCOSC_1MHZ                | 0    | 1     | 0.00       |
| XTLOSC                    | 0    | 1     | 0.00       |
| HPMS                      | 0    | 1     | 0.00       |
+---------------------------+------+-------+------------+

Detailed Logic Resource Usage
+--------------------------+------+-----+
| Type                     | 4LUT | DFF |
+--------------------------+------+-----+
| Fabric Logic             | 48   | 22  |
| RAM64x18 Interface Logic | 0    | 0   |
| RAM1K18 Interface Logic  | 0    | 0   |
| MACC Interface Logic     | 0    | 0   |
| Total Used               | 48   | 22  |
+--------------------------+------+-----+

Detailed Carry Chains Resource Usage
+--------+------+
| Length | Used |
| 7      | 1    |
| Total  | 1    |
+--------+------+

I/O Function
+-------------------------------+--------------+-------------+-----------------+
| Type                          | w/o register | w/ register | w/ DDR register |
+-------------------------------+--------------+-------------+-----------------+
| Input I/O                     | 11           | 0           | 0               |
| Output I/O                    | 2            | 0           | 0               |
| Bidirectional I/O             | 0            | 0           | 0               |
| Differential Input I/O Pairs  | 0            | 0           | 0               |
| Differential Output I/O Pairs | 0            | 0           | 0               |
+-------------------------------+--------------+-------------+-----------------+

I/O Technology
+--------------+--------+------+-------+--------+---------------+
| I/O Standard | Vddi   | Vref | Input | Output | Bidirectional |
+--------------+--------+------+-------+--------+---------------+
| LVCMOS25     |  2.50v |  N/A |  11   |  2     |  0            |
+--------------+--------+------+-------+--------+---------------+

I/O Placement
+----------+-------+------------+
| Type     | Count | Percentage |
+----------+-------+------------+
| Locked   |  0    | 0.00%      |
| Placed   |  0    | 0.00%      |
| UnPlaced |  13   | 100.00%    |
+----------+-------+------------+

Nets assigned to chip global resources
+--------+---------+------------------------------------+
| Fanout | Type    | Name                               |
+--------+---------+------------------------------------+
| 22     | INT_NET | Net   : clk_i_c                    |
|        |         | Driver: clk_i_ibuf_RNI7VLC/U0_RGB1 |
|        |         | Source: NETLIST                    |
+--------+---------+------------------------------------+

Nets assigned to row global resources
+--------+------+------+
| Fanout | Type | Name |
+--------+------+------+
+--------+------+------+

High fanout nets
+--------+---------+--------------------------------------+
| Fanout | Type    | Name                                 |
+--------+---------+--------------------------------------+
| 19     | INT_NET | Net   : rst_i_c                      |
|        |         | Driver: rst_i_ibuf                   |
| 18     | INT_NET | Net   : state[1]                     |
|        |         | Driver: state[1]                     |
| 10     | INT_NET | Net   : state[0]                     |
|        |         | Driver: state[0]                     |
| 10     | INT_NET | Net   : NN_1                         |
|        |         | Driver: stb_i_ibuf                   |
| 10     | INT_NET | Net   : N_36_i                       |
|        |         | Driver: state_ns_i_x2_0_o2[1]        |
| 9      | INT_NET | Net   : N_97_i                       |
|        |         | Driver: state_ns_0_o2[0]             |
| 8      | INT_NET | Net   : un1_rst_i_5_0_0_Z            |
|        |         | Driver: un1_rst_i_5_0_0              |
| 7      | INT_NET | Net   : N_38                         |
|        |         | Driver: baudrate_counter_0_i_o2[4]   |
| 5      | INT_NET | Net   : bit_counter[0]               |
|        |         | Driver: bit_counter[0]               |
| 5      | INT_NET | Net   : N_64                         |
|        |         | Driver: baudrate_counter_0_i_a3_0[6] |
+--------+---------+--------------------------------------+

High fanout nets (through buffer trees)
+--------+---------+--------------------------------------+
| Fanout | Type    | Name                                 |
+--------+---------+--------------------------------------+
| 19     | INT_NET | Net   : rst_i_c                      |
|        |         | Driver: rst_i_ibuf                   |
| 18     | INT_NET | Net   : state[1]                     |
|        |         | Driver: state[1]                     |
| 10     | INT_NET | Net   : state[0]                     |
|        |         | Driver: state[0]                     |
| 10     | INT_NET | Net   : NN_1                         |
|        |         | Driver: stb_i_ibuf                   |
| 10     | INT_NET | Net   : N_36_i                       |
|        |         | Driver: state_ns_i_x2_0_o2[1]        |
| 9      | INT_NET | Net   : N_97_i                       |
|        |         | Driver: state_ns_0_o2[0]             |
| 8      | INT_NET | Net   : un1_rst_i_5_0_0_Z            |
|        |         | Driver: un1_rst_i_5_0_0              |
| 7      | INT_NET | Net   : N_38                         |
|        |         | Driver: baudrate_counter_0_i_o2[4]   |
| 5      | INT_NET | Net   : bit_counter[0]               |
|        |         | Driver: bit_counter[0]               |
| 5      | INT_NET | Net   : N_64                         |
|        |         | Driver: baudrate_counter_0_i_a3_0[6] |
+--------+---------+--------------------------------------+

